> Task :common:compileJava UP-TO-DATE
> Task :common:processResources UP-TO-DATE
> Task :common:classes UP-TO-DATE
> Task :common:jar UP-TO-DATE
> Task :medical-exam-service:compileJava UP-TO-DATE
> Task :medical-exam-service:processResources UP-TO-DATE
> Task :medical-exam-service:classes UP-TO-DATE
> Task :medical-exam-service:compileTestJava
> Task :medical-exam-service:processTestResources NO-SOURCE
> Task :medical-exam-service:testClasses
OpenJDK 64-Bit Server VM warning: Sharing is only supported for boot loader classes because bootstrap classpath has been appended
2025-12-08T14:39:43.973+07:00  INFO 516 --- [medical-exam-service] [ionShutdownHook] j.LocalContainerEntityManagerFactoryBean : Closing JPA EntityManagerFactory for persistence unit 'default'
2025-12-08T14:39:43.988+07:00  INFO 516 --- [medical-exam-service] [ionShutdownHook] com.zaxxer.hikari.HikariDataSource       : HikariPool-1 - Shutdown initiated...
2025-12-08T14:39:43.991+07:00  INFO 516 --- [medical-exam-service] [ionShutdownHook] com.zaxxer.hikari.HikariDataSource       : HikariPool-1 - Shutdown completed.
> Task :medical-exam-service:test

BUILD SUCCESSFUL in 18s
7 actionable tasks: 2 executed, 5 up-to-date
